============================= test session starts ==============================
platform darwin -- Python 3.10.15, pytest-9.0.2, pluggy-1.6.0 -- /usr/local/opt/python@3.10/bin/python3.10
cachedir: .pytest_cache
rootdir: /Users/bing/workspace/Tpl/FastApi-Tpl
configfile: pytest.ini
plugins: mock-3.15.1, anyio-4.12.0, asyncio-1.3.0, cov-7.0.0
asyncio: mode=auto, debug=False, asyncio_default_fixture_loop_scope=None, asyncio_default_test_loop_scope=function
collecting ... collected 9 items

tests/api/v1/admin/sys/test_user.py::test_get_users_list PASSED          [ 11%]
tests/api/v1/admin/sys/test_user.py::test_add_user PASSED                [ 22%]
tests/api/v1/admin/sys/test_user.py::test_add_user_duplicate PASSED      [ 33%]
tests/api/v1/admin/sys/test_user.py::test_update_user PASSED             [ 44%]
tests/api/v1/admin/sys/test_user.py::test_update_user_not_found PASSED   [ 55%]
tests/api/v1/admin/sys/test_user.py::test_delete_user PASSED             [ 66%]
tests/api/v1/admin/sys/test_user.py::test_delete_self PASSED             [ 77%]
tests/api/v1/admin/sys/test_user.py::test_change_active_status PASSED    [ 88%]
tests/api/v1/admin/sys/test_user.py::test_reset_password PASSED          [100%]

============================== 9 passed in 0.66s ===============================
